{
  "reportGeneratedTime": "Tue Jul 24 17:45:15 SGT 2018",
  "repos": [
    {
      "location": {
        "location": "https://github.com/reposense/testrepo-Alpha.git",
        "repoName": "testrepo-Alpha",
        "organization": "reposense"
      },
      "branch": "master",
      "displayName": "reposense/testrepo-Alpha[master]",
      "outputFolderName": "reposense_testrepo-Alpha_master-89f2cd63-a7d1-38dc-a170-2fed0aa51f9a"
    },
    {
      "location": {
        "location": "https://github.com/reposense/testrepo-Beta.git",
        "repoName": "testrepo-Beta",
        "organization": "reposense"
      },
      "branch": "master",
      "displayName": "reposense/testrepo-Beta[master]",
      "outputFolderName": "reposense_testrepo-Beta_master-174d98f8-cc83-32f6-b197-c18785a4c690"
    },
    {
      "location": {
        "location": "https://github.com/reposense/testrepo-Charlie.git",
        "repoName": "testrepo-Charlie",
        "organization": "reposense"
      },
      "branch": "master",
      "displayName": "reposense/testrepo-Charlie[master]",
      "outputFolderName": "reposense_testrepo-Charlie_master-869c25cd-f22f-3d4f-82dd-59c52023c6fd"
    },
    {
      "location": {
        "location": "https://github.com/reposense/testrepo-Delta.git",
        "repoName": "testrepo-Delta",
        "organization": "reposense"
      },
      "branch": "master",
      "displayName": "reposense/testrepo-Delta[master]",
      "outputFolderName": "reposense_testrepo-Delta_master-b959a03c-ece6-3547-b6fa-83ab7aa5db2d"
    },
    {
      "location": {
        "location": "https://github.com/reposense/testrepo-Delta.git",
        "repoName": "testrepo-Delta",
        "organization": "reposense"
      },
      "branch": "nonExistentBranch",
      "displayName": "reposense/testrepo-Delta[nonExistentBranch]",
      "outputFolderName": "reposense_testrepo-Delta_nonExistentBranch-b959a03c-ece6-3547-b6fa-83ab7aa5db2d"
    }
  ],
  "sinceDate": "2017-10-01",
  "untilDate": "2017-11-01"
}
